Archive member included to satisfy reference by file (symbol)

c:/program files (x86)/atmel/studio/7.0/toolchain/avr8/avr8-gnu-toolchain/bin/../lib/gcc/avr/5.4.0/../../../../avr/lib/avr5\libm.a(addsf3.o)
                              main.o (__subsf3)
c:/program files (x86)/atmel/studio/7.0/toolchain/avr8/avr8-gnu-toolchain/bin/../lib/gcc/avr/5.4.0/../../../../avr/lib/avr5\libm.a(addsf3x.o)
                              c:/program files (x86)/atmel/studio/7.0/toolchain/avr8/avr8-gnu-toolchain/bin/../lib/gcc/avr/5.4.0/../../../../avr/lib/avr5\libm.a(addsf3.o) (__addsf3x)
c:/program files (x86)/atmel/studio/7.0/toolchain/avr8/avr8-gnu-toolchain/bin/../lib/gcc/avr/5.4.0/../../../../avr/lib/avr5\libm.a(cmpsf2.o)
                              main.o (__ltsf2)
c:/program files (x86)/atmel/studio/7.0/toolchain/avr8/avr8-gnu-toolchain/bin/../lib/gcc/avr/5.4.0/../../../../avr/lib/avr5\libm.a(cos.o)
                              main.o (cos)
c:/program files (x86)/atmel/studio/7.0/toolchain/avr8/avr8-gnu-toolchain/bin/../lib/gcc/avr/5.4.0/../../../../avr/lib/avr5\libm.a(divsf3.o)
                              main.o (__divsf3)
c:/program files (x86)/atmel/studio/7.0/toolchain/avr8/avr8-gnu-toolchain/bin/../lib/gcc/avr/5.4.0/../../../../avr/lib/avr5\libm.a(divsf3x.o)
                              c:/program files (x86)/atmel/studio/7.0/toolchain/avr8/avr8-gnu-toolchain/bin/../lib/gcc/avr/5.4.0/../../../../avr/lib/avr5\libm.a(divsf3.o) (__divsf3x)
c:/program files (x86)/atmel/studio/7.0/toolchain/avr8/avr8-gnu-toolchain/bin/../lib/gcc/avr/5.4.0/../../../../avr/lib/avr5\libm.a(fixsfsi.o)
                              main.o (__fixsfsi)
c:/program files (x86)/atmel/studio/7.0/toolchain/avr8/avr8-gnu-toolchain/bin/../lib/gcc/avr/5.4.0/../../../../avr/lib/avr5\libm.a(fixunssfsi.o)
                              main.o (__fixunssfsi)
c:/program files (x86)/atmel/studio/7.0/toolchain/avr8/avr8-gnu-toolchain/bin/../lib/gcc/avr/5.4.0/../../../../avr/lib/avr5\libm.a(floatsisf.o)
                              main.o (__floatunsisf)
c:/program files (x86)/atmel/studio/7.0/toolchain/avr8/avr8-gnu-toolchain/bin/../lib/gcc/avr/5.4.0/../../../../avr/lib/avr5\libm.a(fp_cmp.o)
                              c:/program files (x86)/atmel/studio/7.0/toolchain/avr8/avr8-gnu-toolchain/bin/../lib/gcc/avr/5.4.0/../../../../avr/lib/avr5\libm.a(cmpsf2.o) (__fp_cmp)
c:/program files (x86)/atmel/studio/7.0/toolchain/avr8/avr8-gnu-toolchain/bin/../lib/gcc/avr/5.4.0/../../../../avr/lib/avr5\libm.a(fp_inf.o)
                              c:/program files (x86)/atmel/studio/7.0/toolchain/avr8/avr8-gnu-toolchain/bin/../lib/gcc/avr/5.4.0/../../../../avr/lib/avr5\libm.a(addsf3x.o) (__fp_inf)
c:/program files (x86)/atmel/studio/7.0/toolchain/avr8/avr8-gnu-toolchain/bin/../lib/gcc/avr/5.4.0/../../../../avr/lib/avr5\libm.a(fp_nan.o)
                              c:/program files (x86)/atmel/studio/7.0/toolchain/avr8/avr8-gnu-toolchain/bin/../lib/gcc/avr/5.4.0/../../../../avr/lib/avr5\libm.a(addsf3x.o) (__fp_nan)
c:/program files (x86)/atmel/studio/7.0/toolchain/avr8/avr8-gnu-toolchain/bin/../lib/gcc/avr/5.4.0/../../../../avr/lib/avr5\libm.a(fp_pscA.o)
                              c:/program files (x86)/atmel/studio/7.0/toolchain/avr8/avr8-gnu-toolchain/bin/../lib/gcc/avr/5.4.0/../../../../avr/lib/avr5\libm.a(addsf3x.o) (__fp_pscA)
c:/program files (x86)/atmel/studio/7.0/toolchain/avr8/avr8-gnu-toolchain/bin/../lib/gcc/avr/5.4.0/../../../../avr/lib/avr5\libm.a(fp_pscB.o)
                              c:/program files (x86)/atmel/studio/7.0/toolchain/avr8/avr8-gnu-toolchain/bin/../lib/gcc/avr/5.4.0/../../../../avr/lib/avr5\libm.a(addsf3x.o) (__fp_pscB)
c:/program files (x86)/atmel/studio/7.0/toolchain/avr8/avr8-gnu-toolchain/bin/../lib/gcc/avr/5.4.0/../../../../avr/lib/avr5\libm.a(fp_rempio2.o)
                              c:/program files (x86)/atmel/studio/7.0/toolchain/avr8/avr8-gnu-toolchain/bin/../lib/gcc/avr/5.4.0/../../../../avr/lib/avr5\libm.a(cos.o) (__fp_rempio2)
c:/program files (x86)/atmel/studio/7.0/toolchain/avr8/avr8-gnu-toolchain/bin/../lib/gcc/avr/5.4.0/../../../../avr/lib/avr5\libm.a(fp_round.o)
                              c:/program files (x86)/atmel/studio/7.0/toolchain/avr8/avr8-gnu-toolchain/bin/../lib/gcc/avr/5.4.0/../../../../avr/lib/avr5\libm.a(addsf3.o) (__fp_round)
c:/program files (x86)/atmel/studio/7.0/toolchain/avr8/avr8-gnu-toolchain/bin/../lib/gcc/avr/5.4.0/../../../../avr/lib/avr5\libm.a(fp_sinus.o)
                              c:/program files (x86)/atmel/studio/7.0/toolchain/avr8/avr8-gnu-toolchain/bin/../lib/gcc/avr/5.4.0/../../../../avr/lib/avr5\libm.a(cos.o) (__fp_sinus)
c:/program files (x86)/atmel/studio/7.0/toolchain/avr8/avr8-gnu-toolchain/bin/../lib/gcc/avr/5.4.0/../../../../avr/lib/avr5\libm.a(fp_split3.o)
                              c:/program files (x86)/atmel/studio/7.0/toolchain/avr8/avr8-gnu-toolchain/bin/../lib/gcc/avr/5.4.0/../../../../avr/lib/avr5\libm.a(addsf3x.o) (__fp_split3)
c:/program files (x86)/atmel/studio/7.0/toolchain/avr8/avr8-gnu-toolchain/bin/../lib/gcc/avr/5.4.0/../../../../avr/lib/avr5\libm.a(fp_zero.o)
                              c:/program files (x86)/atmel/studio/7.0/toolchain/avr8/avr8-gnu-toolchain/bin/../lib/gcc/avr/5.4.0/../../../../avr/lib/avr5\libm.a(addsf3x.o) (__fp_zero)
c:/program files (x86)/atmel/studio/7.0/toolchain/avr8/avr8-gnu-toolchain/bin/../lib/gcc/avr/5.4.0/../../../../avr/lib/avr5\libm.a(mulsf3.o)
                              main.o (__mulsf3)
c:/program files (x86)/atmel/studio/7.0/toolchain/avr8/avr8-gnu-toolchain/bin/../lib/gcc/avr/5.4.0/../../../../avr/lib/avr5\libm.a(mulsf3x.o)
                              c:/program files (x86)/atmel/studio/7.0/toolchain/avr8/avr8-gnu-toolchain/bin/../lib/gcc/avr/5.4.0/../../../../avr/lib/avr5\libm.a(mulsf3.o) (__mulsf3x)
c:/program files (x86)/atmel/studio/7.0/toolchain/avr8/avr8-gnu-toolchain/bin/../lib/gcc/avr/5.4.0/../../../../avr/lib/avr5\libm.a(sin.o)
                              main.o (sin)
c:/program files (x86)/atmel/studio/7.0/toolchain/avr8/avr8-gnu-toolchain/bin/../lib/gcc/avr/5.4.0/../../../../avr/lib/avr5\libm.a(fp_mpack.o)
                              c:/program files (x86)/atmel/studio/7.0/toolchain/avr8/avr8-gnu-toolchain/bin/../lib/gcc/avr/5.4.0/../../../../avr/lib/avr5\libm.a(fp_rempio2.o) (__fp_mpack_finite)
c:/program files (x86)/atmel/studio/7.0/toolchain/avr8/avr8-gnu-toolchain/bin/../lib/gcc/avr/5.4.0/../../../../avr/lib/avr5\libm.a(fp_powsodd.o)
                              c:/program files (x86)/atmel/studio/7.0/toolchain/avr8/avr8-gnu-toolchain/bin/../lib/gcc/avr/5.4.0/../../../../avr/lib/avr5\libm.a(fp_sinus.o) (__fp_powsodd)
c:/program files (x86)/atmel/studio/7.0/toolchain/avr8/avr8-gnu-toolchain/bin/../lib/gcc/avr/5.4.0/../../../../avr/lib/avr5\libm.a(fp_powser.o)
                              c:/program files (x86)/atmel/studio/7.0/toolchain/avr8/avr8-gnu-toolchain/bin/../lib/gcc/avr/5.4.0/../../../../avr/lib/avr5\libm.a(fp_powsodd.o) (__fp_powser)
c:/program files (x86)/atmel/studio/7.0/toolchain/avr8/avr8-gnu-toolchain/bin/../lib/gcc/avr/5.4.0/avr5\libgcc.a(_divmodhi4.o)
                              main.o (__divmodhi4)
c:/program files (x86)/atmel/studio/7.0/toolchain/avr8/avr8-gnu-toolchain/bin/../lib/gcc/avr/5.4.0/avr5\libgcc.a(_exit.o)
                              C:/Program Files (x86)/Atmel/Studio/7.0/Packs/atmel/ATmega_DFP/1.7.374/gcc/dev/atmega328p/avr5/crtatmega328p.o (exit)
c:/program files (x86)/atmel/studio/7.0/toolchain/avr8/avr8-gnu-toolchain/bin/../lib/gcc/avr/5.4.0/avr5\libgcc.a(_copy_data.o)
                              main.o (__do_copy_data)
c:/program files (x86)/atmel/studio/7.0/toolchain/avr8/avr8-gnu-toolchain/bin/../lib/gcc/avr/5.4.0/avr5\libgcc.a(_clear_bss.o)
                              main.o (__do_clear_bss)
c:/program files (x86)/atmel/studio/7.0/toolchain/avr8/avr8-gnu-toolchain/bin/../lib/gcc/avr/5.4.0/avr5\libgcc.a(_umulhisi3.o)
                              main.o (__umulhisi3)
c:/program files (x86)/atmel/studio/7.0/toolchain/avr8/avr8-gnu-toolchain/bin/../lib/gcc/avr/5.4.0/avr5\libgcc.a(_udivmodhi4.o)
                              c:/program files (x86)/atmel/studio/7.0/toolchain/avr8/avr8-gnu-toolchain/bin/../lib/gcc/avr/5.4.0/avr5\libgcc.a(_divmodhi4.o) (__udivmodhi4)
c:/program files (x86)/atmel/studio/7.0/toolchain/avr8/avr8-gnu-toolchain/bin/../lib/gcc/avr/5.4.0/../../../../avr/lib/avr5\libc.a(sprintf.o)
                              main.o (sprintf)
c:/program files (x86)/atmel/studio/7.0/toolchain/avr8/avr8-gnu-toolchain/bin/../lib/gcc/avr/5.4.0/../../../../avr/lib/avr5\libc.a(vfprintf_std.o)
                              c:/program files (x86)/atmel/studio/7.0/toolchain/avr8/avr8-gnu-toolchain/bin/../lib/gcc/avr/5.4.0/../../../../avr/lib/avr5\libc.a(sprintf.o) (vfprintf)
c:/program files (x86)/atmel/studio/7.0/toolchain/avr8/avr8-gnu-toolchain/bin/../lib/gcc/avr/5.4.0/../../../../avr/lib/avr5\libc.a(strnlen_P.o)
                              c:/program files (x86)/atmel/studio/7.0/toolchain/avr8/avr8-gnu-toolchain/bin/../lib/gcc/avr/5.4.0/../../../../avr/lib/avr5\libc.a(vfprintf_std.o) (strnlen_P)
c:/program files (x86)/atmel/studio/7.0/toolchain/avr8/avr8-gnu-toolchain/bin/../lib/gcc/avr/5.4.0/../../../../avr/lib/avr5\libc.a(strnlen.o)
                              c:/program files (x86)/atmel/studio/7.0/toolchain/avr8/avr8-gnu-toolchain/bin/../lib/gcc/avr/5.4.0/../../../../avr/lib/avr5\libc.a(vfprintf_std.o) (strnlen)
c:/program files (x86)/atmel/studio/7.0/toolchain/avr8/avr8-gnu-toolchain/bin/../lib/gcc/avr/5.4.0/../../../../avr/lib/avr5\libc.a(fputc.o)
                              c:/program files (x86)/atmel/studio/7.0/toolchain/avr8/avr8-gnu-toolchain/bin/../lib/gcc/avr/5.4.0/../../../../avr/lib/avr5\libc.a(vfprintf_std.o) (fputc)
c:/program files (x86)/atmel/studio/7.0/toolchain/avr8/avr8-gnu-toolchain/bin/../lib/gcc/avr/5.4.0/../../../../avr/lib/avr5\libc.a(ultoa_invert.o)
                              c:/program files (x86)/atmel/studio/7.0/toolchain/avr8/avr8-gnu-toolchain/bin/../lib/gcc/avr/5.4.0/../../../../avr/lib/avr5\libc.a(vfprintf_std.o) (__ultoa_invert)
c:/program files (x86)/atmel/studio/7.0/toolchain/avr8/avr8-gnu-toolchain/bin/../lib/gcc/avr/5.4.0/avr5\libgcc.a(_prologue.o)
                              c:/program files (x86)/atmel/studio/7.0/toolchain/avr8/avr8-gnu-toolchain/bin/../lib/gcc/avr/5.4.0/../../../../avr/lib/avr5\libc.a(sprintf.o) (__prologue_saves__)
c:/program files (x86)/atmel/studio/7.0/toolchain/avr8/avr8-gnu-toolchain/bin/../lib/gcc/avr/5.4.0/avr5\libgcc.a(_epilogue.o)
                              c:/program files (x86)/atmel/studio/7.0/toolchain/avr8/avr8-gnu-toolchain/bin/../lib/gcc/avr/5.4.0/../../../../avr/lib/avr5\libc.a(sprintf.o) (__epilogue_restores__)

Allocating common symbols
Common symbol       size              file

max_x               0x2               main.o
tablero             0x1e0             main.o
glcd_orientation    0x1               main.o
pNueva              0x16              main.o
actual              0x2               main.o
max_y               0x2               main.o

Discarded input sections

 .data          0x00000000        0x0 C:/Program Files (x86)/Atmel/Studio/7.0/Packs/atmel/ATmega_DFP/1.7.374/gcc/dev/atmega328p/avr5/crtatmega328p.o
 .bss           0x00000000        0x0 C:/Program Files (x86)/Atmel/Studio/7.0/Packs/atmel/ATmega_DFP/1.7.374/gcc/dev/atmega328p/avr5/crtatmega328p.o
 .text          0x00000000        0x0 main.o
 .data          0x00000000        0x0 main.o
 .bss           0x00000000        0x0 main.o
 .text.SPI_SlaveInit
                0x00000000        0xa main.o
 .text.SPI_SlaveReceive
                0x00000000        0xa main.o
 .text.glcd_led_off
                0x00000000        0xe main.o
 .text.glcd_led_on
                0x00000000        0xe main.o
 .text.glcd_setXY
                0x00000000       0x20 main.o
 .text.glcd_pixel
                0x00000000       0x42 main.o
 .text.glcd_line
                0x00000000      0x124 main.o
 .text.glcd_vline
                0x00000000       0x9c main.o
 .text.glcd_rectangle
                0x00000000       0x64 main.o
 .text.glcd_circle
                0x00000000      0x100 main.o
 .text.glcd_fillCircle
                0x00000000       0xe4 main.o
 .text.glcd_number
                0x00000000      0x12e main.o
 .text.glcd_float
                0x00000000      0x1fe main.o
 .text.glcd_kocka
                0x00000000       0xe6 main.o
 .text.glcd_clr
                0x00000000       0x2a main.o
 .text.glcd_clrLine
                0x00000000       0x40 main.o
 .text.glcd_bar
                0x00000000       0x9a main.o
 .text.glcd_eq  0x00000000      0x126 main.o
 .text.glcd_arc
                0x00000000      0x3c2 main.o
 .text.glcd_title
                0x00000000       0xe0 main.o
 .data.piezaT   0x00000000       0x10 main.o
 .data.piezaZ   0x00000000       0x10 main.o
 .data.piezaJ   0x00000000       0x10 main.o
 .data.piezaO   0x00000000       0x10 main.o
 .data.piezaL   0x00000000       0x10 main.o
 .data.piezaI   0x00000000       0x10 main.o
 .text          0x00000000        0x0 c:/program files (x86)/atmel/studio/7.0/toolchain/avr8/avr8-gnu-toolchain/bin/../lib/gcc/avr/5.4.0/../../../../avr/lib/avr5\libm.a(addsf3.o)
 .data          0x00000000        0x0 c:/program files (x86)/atmel/studio/7.0/toolchain/avr8/avr8-gnu-toolchain/bin/../lib/gcc/avr/5.4.0/../../../../avr/lib/avr5\libm.a(addsf3.o)
 .bss           0x00000000        0x0 c:/program files (x86)/atmel/studio/7.0/toolchain/avr8/avr8-gnu-toolchain/bin/../lib/gcc/avr/5.4.0/../../../../avr/lib/avr5\libm.a(addsf3.o)
 .text.avr-libc.fplib
                0x00000000        0xe c:/program files (x86)/atmel/studio/7.0/toolchain/avr8/avr8-gnu-toolchain/bin/../lib/gcc/avr/5.4.0/../../../../avr/lib/avr5\libm.a(addsf3.o)
 .text          0x00000000        0x0 c:/program files (x86)/atmel/studio/7.0/toolchain/avr8/avr8-gnu-toolchain/bin/../lib/gcc/avr/5.4.0/../../../../avr/lib/avr5\libm.a(addsf3x.o)
 .data          0x00000000        0x0 c:/program files (x86)/atmel/studio/7.0/toolchain/avr8/avr8-gnu-toolchain/bin/../lib/gcc/avr/5.4.0/../../../../avr/lib/avr5\libm.a(addsf3x.o)
 .bss           0x00000000        0x0 c:/program files (x86)/atmel/studio/7.0/toolchain/avr8/avr8-gnu-toolchain/bin/../lib/gcc/avr/5.4.0/../../../../avr/lib/avr5\libm.a(addsf3x.o)
 .text.avr-libc.fplib
                0x00000000       0xcc c:/program files (x86)/atmel/studio/7.0/toolchain/avr8/avr8-gnu-toolchain/bin/../lib/gcc/avr/5.4.0/../../../../avr/lib/avr5\libm.a(addsf3x.o)
 .text          0x00000000        0x0 c:/program files (x86)/atmel/studio/7.0/toolchain/avr8/avr8-gnu-toolchain/bin/../lib/gcc/avr/5.4.0/../../../../avr/lib/avr5\libm.a(cmpsf2.o)
 .data          0x00000000        0x0 c:/program files (x86)/atmel/studio/7.0/toolchain/avr8/avr8-gnu-toolchain/bin/../lib/gcc/avr/5.4.0/../../../../avr/lib/avr5\libm.a(cmpsf2.o)
 .bss           0x00000000        0x0 c:/program files (x86)/atmel/studio/7.0/toolchain/avr8/avr8-gnu-toolchain/bin/../lib/gcc/avr/5.4.0/../../../../avr/lib/avr5\libm.a(cmpsf2.o)
 .text.avr-libc.fplib
                0x00000000        0xa c:/program files (x86)/atmel/studio/7.0/toolchain/avr8/avr8-gnu-toolchain/bin/../lib/gcc/avr/5.4.0/../../../../avr/lib/avr5\libm.a(cmpsf2.o)
 .text          0x00000000        0x0 c:/program files (x86)/atmel/studio/7.0/toolchain/avr8/avr8-gnu-toolchain/bin/../lib/gcc/avr/5.4.0/../../../../avr/lib/avr5\libm.a(cos.o)
 .data          0x00000000        0x0 c:/program files (x86)/atmel/studio/7.0/toolchain/avr8/avr8-gnu-toolchain/bin/../lib/gcc/avr/5.4.0/../../../../avr/lib/avr5\libm.a(cos.o)
 .bss           0x00000000        0x0 c:/program files (x86)/atmel/studio/7.0/toolchain/avr8/avr8-gnu-toolchain/bin/../lib/gcc/avr/5.4.0/../../../../avr/lib/avr5\libm.a(cos.o)
 .text.avr-libc.fplib
                0x00000000        0xa c:/program files (x86)/atmel/studio/7.0/toolchain/avr8/avr8-gnu-toolchain/bin/../lib/gcc/avr/5.4.0/../../../../avr/lib/avr5\libm.a(cos.o)
 .text          0x00000000        0x0 c:/program files (x86)/atmel/studio/7.0/toolchain/avr8/avr8-gnu-toolchain/bin/../lib/gcc/avr/5.4.0/../../../../avr/lib/avr5\libm.a(divsf3.o)
 .data          0x00000000        0x0 c:/program files (x86)/atmel/studio/7.0/toolchain/avr8/avr8-gnu-toolchain/bin/../lib/gcc/avr/5.4.0/../../../../avr/lib/avr5\libm.a(divsf3.o)
 .bss           0x00000000        0x0 c:/program files (x86)/atmel/studio/7.0/toolchain/avr8/avr8-gnu-toolchain/bin/../lib/gcc/avr/5.4.0/../../../../avr/lib/avr5\libm.a(divsf3.o)
 .text          0x00000000        0x0 c:/program files (x86)/atmel/studio/7.0/toolchain/avr8/avr8-gnu-toolchain/bin/../lib/gcc/avr/5.4.0/../../../../avr/lib/avr5\libm.a(divsf3x.o)
 .data          0x00000000        0x0 c:/program files (x86)/atmel/studio/7.0/toolchain/avr8/avr8-gnu-toolchain/bin/../lib/gcc/avr/5.4.0/../../../../avr/lib/avr5\libm.a(divsf3x.o)
 .bss           0x00000000        0x0 c:/program files (x86)/atmel/studio/7.0/toolchain/avr8/avr8-gnu-toolchain/bin/../lib/gcc/avr/5.4.0/../../../../avr/lib/avr5\libm.a(divsf3x.o)
 .text          0x00000000        0x0 c:/program files (x86)/atmel/studio/7.0/toolchain/avr8/avr8-gnu-toolchain/bin/../lib/gcc/avr/5.4.0/../../../../avr/lib/avr5\libm.a(fixsfsi.o)
 .data          0x00000000        0x0 c:/program files (x86)/atmel/studio/7.0/toolchain/avr8/avr8-gnu-toolchain/bin/../lib/gcc/avr/5.4.0/../../../../avr/lib/avr5\libm.a(fixsfsi.o)
 .bss           0x00000000        0x0 c:/program files (x86)/atmel/studio/7.0/toolchain/avr8/avr8-gnu-toolchain/bin/../lib/gcc/avr/5.4.0/../../../../avr/lib/avr5\libm.a(fixsfsi.o)
 .text.avr-libc.fplib
                0x00000000        0xe c:/program files (x86)/atmel/studio/7.0/toolchain/avr8/avr8-gnu-toolchain/bin/../lib/gcc/avr/5.4.0/../../../../avr/lib/avr5\libm.a(fixsfsi.o)
 .text          0x00000000        0x0 c:/program files (x86)/atmel/studio/7.0/toolchain/avr8/avr8-gnu-toolchain/bin/../lib/gcc/avr/5.4.0/../../../../avr/lib/avr5\libm.a(fixunssfsi.o)
 .data          0x00000000        0x0 c:/program files (x86)/atmel/studio/7.0/toolchain/avr8/avr8-gnu-toolchain/bin/../lib/gcc/avr/5.4.0/../../../../avr/lib/avr5\libm.a(fixunssfsi.o)
 .bss           0x00000000        0x0 c:/program files (x86)/atmel/studio/7.0/toolchain/avr8/avr8-gnu-toolchain/bin/../lib/gcc/avr/5.4.0/../../../../avr/lib/avr5\libm.a(fixunssfsi.o)
 .text          0x00000000        0x0 c:/program files (x86)/atmel/studio/7.0/toolchain/avr8/avr8-gnu-toolchain/bin/../lib/gcc/avr/5.4.0/../../../../avr/lib/avr5\libm.a(floatsisf.o)
 .data          0x00000000        0x0 c:/program files (x86)/atmel/studio/7.0/toolchain/avr8/avr8-gnu-toolchain/bin/../lib/gcc/avr/5.4.0/../../../../avr/lib/avr5\libm.a(floatsisf.o)
 .bss           0x00000000        0x0 c:/program files (x86)/atmel/studio/7.0/toolchain/avr8/avr8-gnu-toolchain/bin/../lib/gcc/avr/5.4.0/../../../../avr/lib/avr5\libm.a(floatsisf.o)
 .text          0x00000000        0x0 c:/program files (x86)/atmel/studio/7.0/toolchain/avr8/avr8-gnu-toolchain/bin/../lib/gcc/avr/5.4.0/../../../../avr/lib/avr5\libm.a(fp_cmp.o)
 .data          0x00000000        0x0 c:/program files (x86)/atmel/studio/7.0/toolchain/avr8/avr8-gnu-toolchain/bin/../lib/gcc/avr/5.4.0/../../../../avr/lib/avr5\libm.a(fp_cmp.o)
 .bss           0x00000000        0x0 c:/program files (x86)/atmel/studio/7.0/toolchain/avr8/avr8-gnu-toolchain/bin/../lib/gcc/avr/5.4.0/../../../../avr/lib/avr5\libm.a(fp_cmp.o)
 .text.avr-libc.fplib
                0x00000000       0x48 c:/program files (x86)/atmel/studio/7.0/toolchain/avr8/avr8-gnu-toolchain/bin/../lib/gcc/avr/5.4.0/../../../../avr/lib/avr5\libm.a(fp_cmp.o)
 .text          0x00000000        0x0 c:/program files (x86)/atmel/studio/7.0/toolchain/avr8/avr8-gnu-toolchain/bin/../lib/gcc/avr/5.4.0/../../../../avr/lib/avr5\libm.a(fp_inf.o)
 .data          0x00000000        0x0 c:/program files (x86)/atmel/studio/7.0/toolchain/avr8/avr8-gnu-toolchain/bin/../lib/gcc/avr/5.4.0/../../../../avr/lib/avr5\libm.a(fp_inf.o)
 .bss           0x00000000        0x0 c:/program files (x86)/atmel/studio/7.0/toolchain/avr8/avr8-gnu-toolchain/bin/../lib/gcc/avr/5.4.0/../../../../avr/lib/avr5\libm.a(fp_inf.o)
 .text          0x00000000        0x0 c:/program files (x86)/atmel/studio/7.0/toolchain/avr8/avr8-gnu-toolchain/bin/../lib/gcc/avr/5.4.0/../../../../avr/lib/avr5\libm.a(fp_nan.o)
 .data          0x00000000        0x0 c:/program files (x86)/atmel/studio/7.0/toolchain/avr8/avr8-gnu-toolchain/bin/../lib/gcc/avr/5.4.0/../../../../avr/lib/avr5\libm.a(fp_nan.o)
 .bss           0x00000000        0x0 c:/program files (x86)/atmel/studio/7.0/toolchain/avr8/avr8-gnu-toolchain/bin/../lib/gcc/avr/5.4.0/../../../../avr/lib/avr5\libm.a(fp_nan.o)
 .text          0x00000000        0x0 c:/program files (x86)/atmel/studio/7.0/toolchain/avr8/avr8-gnu-toolchain/bin/../lib/gcc/avr/5.4.0/../../../../avr/lib/avr5\libm.a(fp_pscA.o)
 .data          0x00000000        0x0 c:/program files (x86)/atmel/studio/7.0/toolchain/avr8/avr8-gnu-toolchain/bin/../lib/gcc/avr/5.4.0/../../../../avr/lib/avr5\libm.a(fp_pscA.o)
 .bss           0x00000000        0x0 c:/program files (x86)/atmel/studio/7.0/toolchain/avr8/avr8-gnu-toolchain/bin/../lib/gcc/avr/5.4.0/../../../../avr/lib/avr5\libm.a(fp_pscA.o)
 .text          0x00000000        0x0 c:/program files (x86)/atmel/studio/7.0/toolchain/avr8/avr8-gnu-toolchain/bin/../lib/gcc/avr/5.4.0/../../../../avr/lib/avr5\libm.a(fp_pscB.o)
 .data          0x00000000        0x0 c:/program files (x86)/atmel/studio/7.0/toolchain/avr8/avr8-gnu-toolchain/bin/../lib/gcc/avr/5.4.0/../../../../avr/lib/avr5\libm.a(fp_pscB.o)
 .bss           0x00000000        0x0 c:/program files (x86)/atmel/studio/7.0/toolchain/avr8/avr8-gnu-toolchain/bin/../lib/gcc/avr/5.4.0/../../../../avr/lib/avr5\libm.a(fp_pscB.o)
 .text          0x00000000        0x0 c:/program files (x86)/atmel/studio/7.0/toolchain/avr8/avr8-gnu-toolchain/bin/../lib/gcc/avr/5.4.0/../../../../avr/lib/avr5\libm.a(fp_rempio2.o)
 .data          0x00000000        0x0 c:/program files (x86)/atmel/studio/7.0/toolchain/avr8/avr8-gnu-toolchain/bin/../lib/gcc/avr/5.4.0/../../../../avr/lib/avr5\libm.a(fp_rempio2.o)
 .bss           0x00000000        0x0 c:/program files (x86)/atmel/studio/7.0/toolchain/avr8/avr8-gnu-toolchain/bin/../lib/gcc/avr/5.4.0/../../../../avr/lib/avr5\libm.a(fp_rempio2.o)
 .text.avr-libc.fplib
                0x00000000       0x56 c:/program files (x86)/atmel/studio/7.0/toolchain/avr8/avr8-gnu-toolchain/bin/../lib/gcc/avr/5.4.0/../../../../avr/lib/avr5\libm.a(fp_rempio2.o)
 .text          0x00000000        0x0 c:/program files (x86)/atmel/studio/7.0/toolchain/avr8/avr8-gnu-toolchain/bin/../lib/gcc/avr/5.4.0/../../../../avr/lib/avr5\libm.a(fp_round.o)
 .data          0x00000000        0x0 c:/program files (x86)/atmel/studio/7.0/toolchain/avr8/avr8-gnu-toolchain/bin/../lib/gcc/avr/5.4.0/../../../../avr/lib/avr5\libm.a(fp_round.o)
 .bss           0x00000000        0x0 c:/program files (x86)/atmel/studio/7.0/toolchain/avr8/avr8-gnu-toolchain/bin/../lib/gcc/avr/5.4.0/../../../../avr/lib/avr5\libm.a(fp_round.o)
 .text          0x00000000        0x0 c:/program files (x86)/atmel/studio/7.0/toolchain/avr8/avr8-gnu-toolchain/bin/../lib/gcc/avr/5.4.0/../../../../avr/lib/avr5\libm.a(fp_sinus.o)
 .data          0x00000000        0x0 c:/program files (x86)/atmel/studio/7.0/toolchain/avr8/avr8-gnu-toolchain/bin/../lib/gcc/avr/5.4.0/../../../../avr/lib/avr5\libm.a(fp_sinus.o)
 .bss           0x00000000        0x0 c:/program files (x86)/atmel/studio/7.0/toolchain/avr8/avr8-gnu-toolchain/bin/../lib/gcc/avr/5.4.0/../../../../avr/lib/avr5\libm.a(fp_sinus.o)
 .text.avr-libc.fplib
                0x00000000       0x28 c:/program files (x86)/atmel/studio/7.0/toolchain/avr8/avr8-gnu-toolchain/bin/../lib/gcc/avr/5.4.0/../../../../avr/lib/avr5\libm.a(fp_sinus.o)
 .progmem.gcc_fplib
                0x00000000       0x1e c:/program files (x86)/atmel/studio/7.0/toolchain/avr8/avr8-gnu-toolchain/bin/../lib/gcc/avr/5.4.0/../../../../avr/lib/avr5\libm.a(fp_sinus.o)
 .text          0x00000000        0x0 c:/program files (x86)/atmel/studio/7.0/toolchain/avr8/avr8-gnu-toolchain/bin/../lib/gcc/avr/5.4.0/../../../../avr/lib/avr5\libm.a(fp_split3.o)
 .data          0x00000000        0x0 c:/program files (x86)/atmel/studio/7.0/toolchain/avr8/avr8-gnu-toolchain/bin/../lib/gcc/avr/5.4.0/../../../../avr/lib/avr5\libm.a(fp_split3.o)
 .bss           0x00000000        0x0 c:/program files (x86)/atmel/studio/7.0/toolchain/avr8/avr8-gnu-toolchain/bin/../lib/gcc/avr/5.4.0/../../../../avr/lib/avr5\libm.a(fp_split3.o)
 .text          0x00000000        0x0 c:/program files (x86)/atmel/studio/7.0/toolchain/avr8/avr8-gnu-toolchain/bin/../lib/gcc/avr/5.4.0/../../../../avr/lib/avr5\libm.a(fp_zero.o)
 .data          0x00000000        0x0 c:/program files (x86)/atmel/studio/7.0/toolchain/avr8/avr8-gnu-toolchain/bin/../lib/gcc/avr/5.4.0/../../../../avr/lib/avr5\libm.a(fp_zero.o)
 .bss           0x00000000        0x0 c:/program files (x86)/atmel/studio/7.0/toolchain/avr8/avr8-gnu-toolchain/bin/../lib/gcc/avr/5.4.0/../../../../avr/lib/avr5\libm.a(fp_zero.o)
 .text          0x00000000        0x0 c:/program files (x86)/atmel/studio/7.0/toolchain/avr8/avr8-gnu-toolchain/bin/../lib/gcc/avr/5.4.0/../../../../avr/lib/avr5\libm.a(mulsf3.o)
 .data          0x00000000        0x0 c:/program files (x86)/atmel/studio/7.0/toolchain/avr8/avr8-gnu-toolchain/bin/../lib/gcc/avr/5.4.0/../../../../avr/lib/avr5\libm.a(mulsf3.o)
 .bss           0x00000000        0x0 c:/program files (x86)/atmel/studio/7.0/toolchain/avr8/avr8-gnu-toolchain/bin/../lib/gcc/avr/5.4.0/../../../../avr/lib/avr5\libm.a(mulsf3.o)
 .text.avr-libc.fplib
                0x00000000        0x8 c:/program files (x86)/atmel/studio/7.0/toolchain/avr8/avr8-gnu-toolchain/bin/../lib/gcc/avr/5.4.0/../../../../avr/lib/avr5\libm.a(mulsf3.o)
 .text          0x00000000        0x0 c:/program files (x86)/atmel/studio/7.0/toolchain/avr8/avr8-gnu-toolchain/bin/../lib/gcc/avr/5.4.0/../../../../avr/lib/avr5\libm.a(mulsf3x.o)
 .data          0x00000000        0x0 c:/program files (x86)/atmel/studio/7.0/toolchain/avr8/avr8-gnu-toolchain/bin/../lib/gcc/avr/5.4.0/../../../../avr/lib/avr5\libm.a(mulsf3x.o)
 .bss           0x00000000        0x0 c:/program files (x86)/atmel/studio/7.0/toolchain/avr8/avr8-gnu-toolchain/bin/../lib/gcc/avr/5.4.0/../../../../avr/lib/avr5\libm.a(mulsf3x.o)
 .text.avr-libc.fplib
                0x00000000       0xd2 c:/program files (x86)/atmel/studio/7.0/toolchain/avr8/avr8-gnu-toolchain/bin/../lib/gcc/avr/5.4.0/../../../../avr/lib/avr5\libm.a(mulsf3x.o)
 .text          0x00000000        0x0 c:/program files (x86)/atmel/studio/7.0/toolchain/avr8/avr8-gnu-toolchain/bin/../lib/gcc/avr/5.4.0/../../../../avr/lib/avr5\libm.a(sin.o)
 .data          0x00000000        0x0 c:/program files (x86)/atmel/studio/7.0/toolchain/avr8/avr8-gnu-toolchain/bin/../lib/gcc/avr/5.4.0/../../../../avr/lib/avr5\libm.a(sin.o)
 .bss           0x00000000        0x0 c:/program files (x86)/atmel/studio/7.0/toolchain/avr8/avr8-gnu-toolchain/bin/../lib/gcc/avr/5.4.0/../../../../avr/lib/avr5\libm.a(sin.o)
 .text.avr-libc.fplib
                0x00000000       0x10 c:/program files (x86)/atmel/studio/7.0/toolchain/avr8/avr8-gnu-toolchain/bin/../lib/gcc/avr/5.4.0/../../../../avr/lib/avr5\libm.a(sin.o)
 .text          0x00000000        0x0 c:/program files (x86)/atmel/studio/7.0/toolchain/avr8/avr8-gnu-toolchain/bin/../lib/gcc/avr/5.4.0/../../../../avr/lib/avr5\libm.a(fp_mpack.o)
 .data          0x00000000        0x0 c:/program files (x86)/atmel/studio/7.0/toolchain/avr8/avr8-gnu-toolchain/bin/../lib/gcc/avr/5.4.0/../../../../avr/lib/avr5\libm.a(fp_mpack.o)
 .bss           0x00000000        0x0 c:/program files (x86)/atmel/studio/7.0/toolchain/avr8/avr8-gnu-toolchain/bin/../lib/gcc/avr/5.4.0/../../../../avr/lib/avr5\libm.a(fp_mpack.o)
 .text.avr-libc.fplib
                0x00000000       0x1c c:/program files (x86)/atmel/studio/7.0/toolchain/avr8/avr8-gnu-toolchain/bin/../lib/gcc/avr/5.4.0/../../../../avr/lib/avr5\libm.a(fp_mpack.o)
 .text          0x00000000        0x0 c:/program files (x86)/atmel/studio/7.0/toolchain/avr8/avr8-gnu-toolchain/bin/../lib/gcc/avr/5.4.0/../../../../avr/lib/avr5\libm.a(fp_powsodd.o)
 .data          0x00000000        0x0 c:/program files (x86)/atmel/studio/7.0/toolchain/avr8/avr8-gnu-toolchain/bin/../lib/gcc/avr/5.4.0/../../../../avr/lib/avr5\libm.a(fp_powsodd.o)
 .bss           0x00000000        0x0 c:/program files (x86)/atmel/studio/7.0/toolchain/avr8/avr8-gnu-toolchain/bin/../lib/gcc/avr/5.4.0/../../../../avr/lib/avr5\libm.a(fp_powsodd.o)
 .text.avr-libc.fplib
                0x00000000       0x28 c:/program files (x86)/atmel/studio/7.0/toolchain/avr8/avr8-gnu-toolchain/bin/../lib/gcc/avr/5.4.0/../../../../avr/lib/avr5\libm.a(fp_powsodd.o)
 .text          0x00000000        0x0 c:/program files (x86)/atmel/studio/7.0/toolchain/avr8/avr8-gnu-toolchain/bin/../lib/gcc/avr/5.4.0/../../../../avr/lib/avr5\libm.a(fp_powser.o)
 .data          0x00000000        0x0 c:/program files (x86)/atmel/studio/7.0/toolchain/avr8/avr8-gnu-toolchain/bin/../lib/gcc/avr/5.4.0/../../../../avr/lib/avr5\libm.a(fp_powser.o)
 .bss           0x00000000        0x0 c:/program files (x86)/atmel/studio/7.0/toolchain/avr8/avr8-gnu-toolchain/bin/../lib/gcc/avr/5.4.0/../../../../avr/lib/avr5\libm.a(fp_powser.o)
 .text.avr-libc.fplib
                0x00000000       0x4e c:/program files (x86)/atmel/studio/7.0/toolchain/avr8/avr8-gnu-toolchain/bin/../lib/gcc/avr/5.4.0/../../../../avr/lib/avr5\libm.a(fp_powser.o)
 .text          0x00000000        0x0 c:/program files (x86)/atmel/studio/7.0/toolchain/avr8/avr8-gnu-toolchain/bin/../lib/gcc/avr/5.4.0/avr5\libgcc.a(_divmodhi4.o)
 .data          0x00000000        0x0 c:/program files (x86)/atmel/studio/7.0/toolchain/avr8/avr8-gnu-toolchain/bin/../lib/gcc/avr/5.4.0/avr5\libgcc.a(_divmodhi4.o)
 .bss           0x00000000        0x0 c:/program files (x86)/atmel/studio/7.0/toolchain/avr8/avr8-gnu-toolchain/bin/../lib/gcc/avr/5.4.0/avr5\libgcc.a(_divmodhi4.o)
 .text.libgcc.mul
                0x00000000        0x0 c:/program files (x86)/atmel/studio/7.0/toolchain/avr8/avr8-gnu-toolchain/bin/../lib/gcc/avr/5.4.0/avr5\libgcc.a(_divmodhi4.o)
 .text.libgcc   0x00000000        0x0 c:/program files (x86)/atmel/studio/7.0/toolchain/avr8/avr8-gnu-toolchain/bin/../lib/gcc/avr/5.4.0/avr5\libgcc.a(_divmodhi4.o)
 .text.libgcc.prologue
                0x00000000        0x0 c:/program files (x86)/atmel/studio/7.0/toolchain/avr8/avr8-gnu-toolchain/bin/../lib/gcc/avr/5.4.0/avr5\libgcc.a(_divmodhi4.o)
 .text.libgcc.builtins
                0x00000000        0x0 c:/program files (x86)/atmel/studio/7.0/toolchain/avr8/avr8-gnu-toolchain/bin/../lib/gcc/avr/5.4.0/avr5\libgcc.a(_divmodhi4.o)
 .text.libgcc.fmul
                0x00000000        0x0 c:/program files (x86)/atmel/studio/7.0/toolchain/avr8/avr8-gnu-toolchain/bin/../lib/gcc/avr/5.4.0/avr5\libgcc.a(_divmodhi4.o)
 .text.libgcc.fixed
                0x00000000        0x0 c:/program files (x86)/atmel/studio/7.0/toolchain/avr8/avr8-gnu-toolchain/bin/../lib/gcc/avr/5.4.0/avr5\libgcc.a(_divmodhi4.o)
 .text          0x00000000        0x0 c:/program files (x86)/atmel/studio/7.0/toolchain/avr8/avr8-gnu-toolchain/bin/../lib/gcc/avr/5.4.0/avr5\libgcc.a(_exit.o)
 .data          0x00000000        0x0 c:/program files (x86)/atmel/studio/7.0/toolchain/avr8/avr8-gnu-toolchain/bin/../lib/gcc/avr/5.4.0/avr5\libgcc.a(_exit.o)
 .bss           0x00000000        0x0 c:/program files (x86)/atmel/studio/7.0/toolchain/avr8/avr8-gnu-toolchain/bin/../lib/gcc/avr/5.4.0/avr5\libgcc.a(_exit.o)
 .text.libgcc.mul
                0x00000000        0x0 c:/program files (x86)/atmel/studio/7.0/toolchain/avr8/avr8-gnu-toolchain/bin/../lib/gcc/avr/5.4.0/avr5\libgcc.a(_exit.o)
 .text.libgcc.div
                0x00000000        0x0 c:/program files (x86)/atmel/studio/7.0/toolchain/avr8/avr8-gnu-toolchain/bin/../lib/gcc/avr/5.4.0/avr5\libgcc.a(_exit.o)
 .text.libgcc   0x00000000        0x0 c:/program files (x86)/atmel/studio/7.0/toolchain/avr8/avr8-gnu-toolchain/bin/../lib/gcc/avr/5.4.0/avr5\libgcc.a(_exit.o)
 .text.libgcc.prologue
                0x00000000        0x0 c:/program files (x86)/atmel/studio/7.0/toolchain/avr8/avr8-gnu-toolchain/bin/../lib/gcc/avr/5.4.0/avr5\libgcc.a(_exit.o)
 .text.libgcc.builtins
                0x00000000        0x0 c:/program files (x86)/atmel/studio/7.0/toolchain/avr8/avr8-gnu-toolchain/bin/../lib/gcc/avr/5.4.0/avr5\libgcc.a(_exit.o)
 .text.libgcc.fmul
                0x00000000        0x0 c:/program files (x86)/atmel/studio/7.0/toolchain/avr8/avr8-gnu-toolchain/bin/../lib/gcc/avr/5.4.0/avr5\libgcc.a(_exit.o)
 .text.libgcc.fixed
                0x00000000        0x0 c:/program files (x86)/atmel/studio/7.0/toolchain/avr8/avr8-gnu-toolchain/bin/../lib/gcc/avr/5.4.0/avr5\libgcc.a(_exit.o)
 .text          0x00000000        0x0 c:/program files (x86)/atmel/studio/7.0/toolchain/avr8/avr8-gnu-toolchain/bin/../lib/gcc/avr/5.4.0/avr5\libgcc.a(_copy_data.o)
 .data          0x00000000        0x0 c:/program files (x86)/atmel/studio/7.0/toolchain/avr8/avr8-gnu-toolchain/bin/../lib/gcc/avr/5.4.0/avr5\libgcc.a(_copy_data.o)
 .bss           0x00000000        0x0 c:/program files (x86)/atmel/studio/7.0/toolchain/avr8/avr8-gnu-toolchain/bin/../lib/gcc/avr/5.4.0/avr5\libgcc.a(_copy_data.o)
 .text.libgcc.mul
                0x00000000        0x0 c:/program files (x86)/atmel/studio/7.0/toolchain/avr8/avr8-gnu-toolchain/bin/../lib/gcc/avr/5.4.0/avr5\libgcc.a(_copy_data.o)
 .text.libgcc.div
                0x00000000        0x0 c:/program files (x86)/atmel/studio/7.0/toolchain/avr8/avr8-gnu-toolchain/bin/../lib/gcc/avr/5.4.0/avr5\libgcc.a(_copy_data.o)
 .text.libgcc   0x00000000        0x0 c:/program files (x86)/atmel/studio/7.0/toolchain/avr8/avr8-gnu-toolchain/bin/../lib/gcc/avr/5.4.0/avr5\libgcc.a(_copy_data.o)
 .text.libgcc.prologue
                0x00000000        0x0 c:/program files (x86)/atmel/studio/7.0/toolchain/avr8/avr8-gnu-toolchain/bin/../lib/gcc/avr/5.4.0/avr5\libgcc.a(_copy_data.o)
 .text.libgcc.builtins
                0x00000000        0x0 c:/program files (x86)/atmel/studio/7.0/toolchain/avr8/avr8-gnu-toolchain/bin/../lib/gcc/avr/5.4.0/avr5\libgcc.a(_copy_data.o)
 .text.libgcc.fmul
                0x00000000        0x0 c:/program files (x86)/atmel/studio/7.0/toolchain/avr8/avr8-gnu-toolchain/bin/../lib/gcc/avr/5.4.0/avr5\libgcc.a(_copy_data.o)
 .text.libgcc.fixed
                0x00000000        0x0 c:/program files (x86)/atmel/studio/7.0/toolchain/avr8/avr8-gnu-toolchain/bin/../lib/gcc/avr/5.4.0/avr5\libgcc.a(_copy_data.o)
 .text          0x00000000        0x0 c:/program files (x86)/atmel/studio/7.0/toolchain/avr8/avr8-gnu-toolchain/bin/../lib/gcc/avr/5.4.0/avr5\libgcc.a(_clear_bss.o)
 .data          0x00000000        0x0 c:/program files (x86)/atmel/studio/7.0/toolchain/avr8/avr8-gnu-toolchain/bin/../lib/gcc/avr/5.4.0/avr5\libgcc.a(_clear_bss.o)
 .bss           0x00000000        0x0 c:/program files (x86)/atmel/studio/7.0/toolchain/avr8/avr8-gnu-toolchain/bin/../lib/gcc/avr/5.4.0/avr5\libgcc.a(_clear_bss.o)
 .text.libgcc.mul
                0x00000000        0x0 c:/program files (x86)/atmel/studio/7.0/toolchain/avr8/avr8-gnu-toolchain/bin/../lib/gcc/avr/5.4.0/avr5\libgcc.a(_clear_bss.o)
 .text.libgcc.div
                0x00000000        0x0 c:/program files (x86)/atmel/studio/7.0/toolchain/avr8/avr8-gnu-toolchain/bin/../lib/gcc/avr/5.4.0/avr5\libgcc.a(_clear_bss.o)
 .text.libgcc   0x00000000        0x0 c:/program files (x86)/atmel/studio/7.0/toolchain/avr8/avr8-gnu-toolchain/bin/../lib/gcc/avr/5.4.0/avr5\libgcc.a(_clear_bss.o)
 .text.libgcc.prologue
                0x00000000        0x0 c:/program files (x86)/atmel/studio/7.0/toolchain/avr8/avr8-gnu-toolchain/bin/../lib/gcc/avr/5.4.0/avr5\libgcc.a(_clear_bss.o)
 .text.libgcc.builtins
                0x00000000        0x0 c:/program files (x86)/atmel/studio/7.0/toolchain/avr8/avr8-gnu-toolchain/bin/../lib/gcc/avr/5.4.0/avr5\libgcc.a(_clear_bss.o)
 .text.libgcc.fmul
                0x00000000        0x0 c:/program files (x86)/atmel/studio/7.0/toolchain/avr8/avr8-gnu-toolchain/bin/../lib/gcc/avr/5.4.0/avr5\libgcc.a(_clear_bss.o)
 .text.libgcc.fixed
                0x00000000        0x0 c:/program files (x86)/atmel/studio/7.0/toolchain/avr8/avr8-gnu-toolchain/bin/../lib/gcc/avr/5.4.0/avr5\libgcc.a(_clear_bss.o)
 .text          0x00000000        0x0 c:/program files (x86)/atmel/studio/7.0/toolchain/avr8/avr8-gnu-toolchain/bin/../lib/gcc/avr/5.4.0/avr5\libgcc.a(_umulhisi3.o)
 .data          0x00000000        0x0 c:/program files (x86)/atmel/studio/7.0/toolchain/avr8/avr8-gnu-toolchain/bin/../lib/gcc/avr/5.4.0/avr5\libgcc.a(_umulhisi3.o)
 .bss           0x00000000        0x0 c:/program files (x86)/atmel/studio/7.0/toolchain/avr8/avr8-gnu-toolchain/bin/../lib/gcc/avr/5.4.0/avr5\libgcc.a(_umulhisi3.o)
 .text.libgcc.mul
                0x00000000       0x1e c:/program files (x86)/atmel/studio/7.0/toolchain/avr8/avr8-gnu-toolchain/bin/../lib/gcc/avr/5.4.0/avr5\libgcc.a(_umulhisi3.o)
 .text.libgcc.div
                0x00000000        0x0 c:/program files (x86)/atmel/studio/7.0/toolchain/avr8/avr8-gnu-toolchain/bin/../lib/gcc/avr/5.4.0/avr5\libgcc.a(_umulhisi3.o)
 .text.libgcc   0x00000000        0x0 c:/program files (x86)/atmel/studio/7.0/toolchain/avr8/avr8-gnu-toolchain/bin/../lib/gcc/avr/5.4.0/avr5\libgcc.a(_umulhisi3.o)
 .text.libgcc.prologue
                0x00000000        0x0 c:/program files (x86)/atmel/studio/7.0/toolchain/avr8/avr8-gnu-toolchain/bin/../lib/gcc/avr/5.4.0/avr5\libgcc.a(_umulhisi3.o)
 .text.libgcc.builtins
                0x00000000        0x0 c:/program files (x86)/atmel/studio/7.0/toolchain/avr8/avr8-gnu-toolchain/bin/../lib/gcc/avr/5.4.0/avr5\libgcc.a(_umulhisi3.o)
 .text.libgcc.fmul
                0x00000000        0x0 c:/program files (x86)/atmel/studio/7.0/toolchain/avr8/avr8-gnu-toolchain/bin/../lib/gcc/avr/5.4.0/avr5\libgcc.a(_umulhisi3.o)
 .text.libgcc.fixed
                0x00000000        0x0 c:/program files (x86)/atmel/studio/7.0/toolchain/avr8/avr8-gnu-toolchain/bin/../lib/gcc/avr/5.4.0/avr5\libgcc.a(_umulhisi3.o)
 .text          0x00000000        0x0 c:/program files (x86)/atmel/studio/7.0/toolchain/avr8/avr8-gnu-toolchain/bin/../lib/gcc/avr/5.4.0/avr5\libgcc.a(_udivmodhi4.o)
 .data          0x00000000        0x0 c:/program files (x86)/atmel/studio/7.0/toolchain/avr8/avr8-gnu-toolchain/bin/../lib/gcc/avr/5.4.0/avr5\libgcc.a(_udivmodhi4.o)
 .bss           0x00000000        0x0 c:/program files (x86)/atmel/studio/7.0/toolchain/avr8/avr8-gnu-toolchain/bin/../lib/gcc/avr/5.4.0/avr5\libgcc.a(_udivmodhi4.o)
 .text.libgcc.mul
                0x00000000        0x0 c:/program files (x86)/atmel/studio/7.0/toolchain/avr8/avr8-gnu-toolchain/bin/../lib/gcc/avr/5.4.0/avr5\libgcc.a(_udivmodhi4.o)
 .text.libgcc   0x00000000        0x0 c:/program files (x86)/atmel/studio/7.0/toolchain/avr8/avr8-gnu-toolchain/bin/../lib/gcc/avr/5.4.0/avr5\libgcc.a(_udivmodhi4.o)
 .text.libgcc.prologue
                0x00000000        0x0 c:/program files (x86)/atmel/studio/7.0/toolchain/avr8/avr8-gnu-toolchain/bin/../lib/gcc/avr/5.4.0/avr5\libgcc.a(_udivmodhi4.o)
 .text.libgcc.builtins
                0x00000000        0x0 c:/program files (x86)/atmel/studio/7.0/toolchain/avr8/avr8-gnu-toolchain/bin/../lib/gcc/avr/5.4.0/avr5\libgcc.a(_udivmodhi4.o)
 .text.libgcc.fmul
                0x00000000        0x0 c:/program files (x86)/atmel/studio/7.0/toolchain/avr8/avr8-gnu-toolchain/bin/../lib/gcc/avr/5.4.0/avr5\libgcc.a(_udivmodhi4.o)
 .text.libgcc.fixed
                0x00000000        0x0 c:/program files (x86)/atmel/studio/7.0/toolchain/avr8/avr8-gnu-toolchain/bin/../lib/gcc/avr/5.4.0/avr5\libgcc.a(_udivmodhi4.o)
 .text          0x00000000        0x0 c:/program files (x86)/atmel/studio/7.0/toolchain/avr8/avr8-gnu-toolchain/bin/../lib/gcc/avr/5.4.0/../../../../avr/lib/avr5\libc.a(sprintf.o)
 .data          0x00000000        0x0 c:/program files (x86)/atmel/studio/7.0/toolchain/avr8/avr8-gnu-toolchain/bin/../lib/gcc/avr/5.4.0/../../../../avr/lib/avr5\libc.a(sprintf.o)
 .bss           0x00000000        0x0 c:/program files (x86)/atmel/studio/7.0/toolchain/avr8/avr8-gnu-toolchain/bin/../lib/gcc/avr/5.4.0/../../../../avr/lib/avr5\libc.a(sprintf.o)
 .text          0x00000000        0x0 c:/program files (x86)/atmel/studio/7.0/toolchain/avr8/avr8-gnu-toolchain/bin/../lib/gcc/avr/5.4.0/../../../../avr/lib/avr5\libc.a(vfprintf_std.o)
 .data          0x00000000        0x0 c:/program files (x86)/atmel/studio/7.0/toolchain/avr8/avr8-gnu-toolchain/bin/../lib/gcc/avr/5.4.0/../../../../avr/lib/avr5\libc.a(vfprintf_std.o)
 .bss           0x00000000        0x0 c:/program files (x86)/atmel/studio/7.0/toolchain/avr8/avr8-gnu-toolchain/bin/../lib/gcc/avr/5.4.0/../../../../avr/lib/avr5\libc.a(vfprintf_std.o)
 .text          0x00000000        0x0 c:/program files (x86)/atmel/studio/7.0/toolchain/avr8/avr8-gnu-toolchain/bin/../lib/gcc/avr/5.4.0/../../../../avr/lib/avr5\libc.a(strnlen_P.o)
 .data          0x00000000        0x0 c:/program files (x86)/atmel/studio/7.0/toolchain/avr8/avr8-gnu-toolchain/bin/../lib/gcc/avr/5.4.0/../../../../avr/lib/avr5\libc.a(strnlen_P.o)
 .bss           0x00000000        0x0 c:/program files (x86)/atmel/studio/7.0/toolchain/avr8/avr8-gnu-toolchain/bin/../lib/gcc/avr/5.4.0/../../../../avr/lib/avr5\libc.a(strnlen_P.o)
 .text          0x00000000        0x0 c:/program files (x86)/atmel/studio/7.0/toolchain/avr8/avr8-gnu-toolchain/bin/../lib/gcc/avr/5.4.0/../../../../avr/lib/avr5\libc.a(strnlen.o)
 .data          0x00000000        0x0 c:/program files (x86)/atmel/studio/7.0/toolchain/avr8/avr8-gnu-toolchain/bin/../lib/gcc/avr/5.4.0/../../../../avr/lib/avr5\libc.a(strnlen.o)
 .bss           0x00000000        0x0 c:/program files (x86)/atmel/studio/7.0/toolchain/avr8/avr8-gnu-toolchain/bin/../lib/gcc/avr/5.4.0/../../../../avr/lib/avr5\libc.a(strnlen.o)
 .text          0x00000000        0x0 c:/program files (x86)/atmel/studio/7.0/toolchain/avr8/avr8-gnu-toolchain/bin/../lib/gcc/avr/5.4.0/../../../../avr/lib/avr5\libc.a(fputc.o)
 .data          0x00000000        0x0 c:/program files (x86)/atmel/studio/7.0/toolchain/avr8/avr8-gnu-toolchain/bin/../lib/gcc/avr/5.4.0/../../../../avr/lib/avr5\libc.a(fputc.o)
 .bss           0x00000000        0x0 c:/program files (x86)/atmel/studio/7.0/toolchain/avr8/avr8-gnu-toolchain/bin/../lib/gcc/avr/5.4.0/../../../../avr/lib/avr5\libc.a(fputc.o)
 .text          0x00000000        0x0 c:/program files (x86)/atmel/studio/7.0/toolchain/avr8/avr8-gnu-toolchain/bin/../lib/gcc/avr/5.4.0/../../../../avr/lib/avr5\libc.a(ultoa_invert.o)
 .data          0x00000000        0x0 c:/program files (x86)/atmel/studio/7.0/toolchain/avr8/avr8-gnu-toolchain/bin/../lib/gcc/avr/5.4.0/../../../../avr/lib/avr5\libc.a(ultoa_invert.o)
 .bss           0x00000000        0x0 c:/program files (x86)/atmel/studio/7.0/toolchain/avr8/avr8-gnu-toolchain/bin/../lib/gcc/avr/5.4.0/../../../../avr/lib/avr5\libc.a(ultoa_invert.o)
 .text          0x00000000        0x0 c:/program files (x86)/atmel/studio/7.0/toolchain/avr8/avr8-gnu-toolchain/bin/../lib/gcc/avr/5.4.0/avr5\libgcc.a(_prologue.o)
 .data          0x00000000        0x0 c:/program files (x86)/atmel/studio/7.0/toolchain/avr8/avr8-gnu-toolchain/bin/../lib/gcc/avr/5.4.0/avr5\libgcc.a(_prologue.o)
 .bss           0x00000000        0x0 c:/program files (x86)/atmel/studio/7.0/toolchain/avr8/avr8-gnu-toolchain/bin/../lib/gcc/avr/5.4.0/avr5\libgcc.a(_prologue.o)
 .text.libgcc.mul
                0x00000000        0x0 c:/program files (x86)/atmel/studio/7.0/toolchain/avr8/avr8-gnu-toolchain/bin/../lib/gcc/avr/5.4.0/avr5\libgcc.a(_prologue.o)
 .text.libgcc.div
                0x00000000        0x0 c:/program files (x86)/atmel/studio/7.0/toolchain/avr8/avr8-gnu-toolchain/bin/../lib/gcc/avr/5.4.0/avr5\libgcc.a(_prologue.o)
 .text.libgcc   0x00000000        0x0 c:/program files (x86)/atmel/studio/7.0/toolchain/avr8/avr8-gnu-toolchain/bin/../lib/gcc/avr/5.4.0/avr5\libgcc.a(_prologue.o)
 .text.libgcc.builtins
                0x00000000        0x0 c:/program files (x86)/atmel/studio/7.0/toolchain/avr8/avr8-gnu-toolchain/bin/../lib/gcc/avr/5.4.0/avr5\libgcc.a(_prologue.o)
 .text.libgcc.fmul
                0x00000000        0x0 c:/program files (x86)/atmel/studio/7.0/toolchain/avr8/avr8-gnu-toolchain/bin/../lib/gcc/avr/5.4.0/avr5\libgcc.a(_prologue.o)
 .text.libgcc.fixed
                0x00000000        0x0 c:/program files (x86)/atmel/studio/7.0/toolchain/avr8/avr8-gnu-toolchain/bin/../lib/gcc/avr/5.4.0/avr5\libgcc.a(_prologue.o)
 .text          0x00000000        0x0 c:/program files (x86)/atmel/studio/7.0/toolchain/avr8/avr8-gnu-toolchain/bin/../lib/gcc/avr/5.4.0/avr5\libgcc.a(_epilogue.o)
 .data          0x00000000        0x0 c:/program files (x86)/atmel/studio/7.0/toolchain/avr8/avr8-gnu-toolchain/bin/../lib/gcc/avr/5.4.0/avr5\libgcc.a(_epilogue.o)
 .bss           0x00000000        0x0 c:/program files (x86)/atmel/studio/7.0/toolchain/avr8/avr8-gnu-toolchain/bin/../lib/gcc/avr/5.4.0/avr5\libgcc.a(_epilogue.o)
 .text.libgcc.mul
                0x00000000        0x0 c:/program files (x86)/atmel/studio/7.0/toolchain/avr8/avr8-gnu-toolchain/bin/../lib/gcc/avr/5.4.0/avr5\libgcc.a(_epilogue.o)
 .text.libgcc.div
                0x00000000        0x0 c:/program files (x86)/atmel/studio/7.0/toolchain/avr8/avr8-gnu-toolchain/bin/../lib/gcc/avr/5.4.0/avr5\libgcc.a(_epilogue.o)
 .text.libgcc   0x00000000        0x0 c:/program files (x86)/atmel/studio/7.0/toolchain/avr8/avr8-gnu-toolchain/bin/../lib/gcc/avr/5.4.0/avr5\libgcc.a(_epilogue.o)
 .text.libgcc.builtins
                0x00000000        0x0 c:/program files (x86)/atmel/studio/7.0/toolchain/avr8/avr8-gnu-toolchain/bin/../lib/gcc/avr/5.4.0/avr5\libgcc.a(_epilogue.o)
 .text.libgcc.fmul
                0x00000000        0x0 c:/program files (x86)/atmel/studio/7.0/toolchain/avr8/avr8-gnu-toolchain/bin/../lib/gcc/avr/5.4.0/avr5\libgcc.a(_epilogue.o)
 .text.libgcc.fixed
                0x00000000        0x0 c:/program files (x86)/atmel/studio/7.0/toolchain/avr8/avr8-gnu-toolchain/bin/../lib/gcc/avr/5.4.0/avr5\libgcc.a(_epilogue.o)

Memory Configuration

Name             Origin             Length             Attributes
text             0x00000000         0x00008000         xr
data             0x00800100         0x00000800         rw !x
eeprom           0x00810000         0x00000400         rw !x
fuse             0x00820000         0x00000003         rw !x
lock             0x00830000         0x00000400         rw !x
signature        0x00840000         0x00000400         rw !x
user_signatures  0x00850000         0x00000400         rw !x
*default*        0x00000000         0xffffffff

Linker script and memory map

Address of section .data set to 0x800100
LOAD C:/Program Files (x86)/Atmel/Studio/7.0/Packs/atmel/ATmega_DFP/1.7.374/gcc/dev/atmega328p/avr5/crtatmega328p.o
LOAD main.o
START GROUP
LOAD c:/program files (x86)/atmel/studio/7.0/toolchain/avr8/avr8-gnu-toolchain/bin/../lib/gcc/avr/5.4.0/../../../../avr/lib/avr5\libm.a
END GROUP
START GROUP
LOAD c:/program files (x86)/atmel/studio/7.0/toolchain/avr8/avr8-gnu-toolchain/bin/../lib/gcc/avr/5.4.0/avr5\libgcc.a
LOAD c:/program files (x86)/atmel/studio/7.0/toolchain/avr8/avr8-gnu-toolchain/bin/../lib/gcc/avr/5.4.0/../../../../avr/lib/avr5\libm.a
LOAD c:/program files (x86)/atmel/studio/7.0/toolchain/avr8/avr8-gnu-toolchain/bin/../lib/gcc/avr/5.4.0/../../../../avr/lib/avr5\libc.a
LOAD C:/Program Files (x86)/Atmel/Studio/7.0/Packs/atmel/ATmega_DFP/1.7.374/gcc/dev/atmega328p/avr5\libatmega328p.a
END GROUP
                0x00000000                __TEXT_REGION_ORIGIN__ = DEFINED (__TEXT_REGION_ORIGIN__)?__TEXT_REGION_ORIGIN__:0x0
                [0x00800100]                __DATA_REGION_ORIGIN__ = DEFINED (__DATA_REGION_ORIGIN__)?__DATA_REGION_ORIGIN__:0x800060
                [0x00008000]                __TEXT_REGION_LENGTH__ = DEFINED (__TEXT_REGION_LENGTH__)?__TEXT_REGION_LENGTH__:0x20000
                [0x00000800]                __DATA_REGION_LENGTH__ = DEFINED (__DATA_REGION_LENGTH__)?__DATA_REGION_LENGTH__:0xffa0
                [0x00000400]                __EEPROM_REGION_LENGTH__ = DEFINED (__EEPROM_REGION_LENGTH__)?__EEPROM_REGION_LENGTH__:0x10000
                [0x00000003]                __FUSE_REGION_LENGTH__ = DEFINED (__FUSE_REGION_LENGTH__)?__FUSE_REGION_LENGTH__:0x400
                0x00000400                __LOCK_REGION_LENGTH__ = DEFINED (__LOCK_REGION_LENGTH__)?__LOCK_REGION_LENGTH__:0x400
                0x00000400                __SIGNATURE_REGION_LENGTH__ = DEFINED (__SIGNATURE_REGION_LENGTH__)?__SIGNATURE_REGION_LENGTH__:0x400
                0x00000400                __USER_SIGNATURE_REGION_LENGTH__ = DEFINED (__USER_SIGNATURE_REGION_LENGTH__)?__USER_SIGNATURE_REGION_LENGTH__:0x400

.hash
 *(.hash)

.dynsym
 *(.dynsym)

.dynstr
 *(.dynstr)

.gnu.version
 *(.gnu.version)

.gnu.version_d
 *(.gnu.version_d)

.gnu.version_r
 *(.gnu.version_r)

.rel.init
 *(.rel.init)

.rela.init
 *(.rela.init)

.rel.text
 *(.rel.text)
 *(.rel.text.*)
 *(.rel.gnu.linkonce.t*)

.rela.text
 *(.rela.text)
 *(.rela.text.*)
 *(.rela.gnu.linkonce.t*)

.rel.fini
 *(.rel.fini)

.rela.fini
 *(.rela.fini)

.rel.rodata
 *(.rel.rodata)
 *(.rel.rodata.*)
 *(.rel.gnu.linkonce.r*)

.rela.rodata
 *(.rela.rodata)
 *(.rela.rodata.*)
 *(.rela.gnu.linkonce.r*)

.rel.data
 *(.rel.data)
 *(.rel.data.*)
 *(.rel.gnu.linkonce.d*)

.rela.data
 *(.rela.data)
 *(.rela.data.*)
 *(.rela.gnu.linkonce.d*)

.rel.ctors
 *(.rel.ctors)

.rela.ctors
 *(.rela.ctors)

.rel.dtors
 *(.rel.dtors)

.rela.dtors
 *(.rela.dtors)

.rel.got
 *(.rel.got)

.rela.got
 *(.rela.got)

.rel.bss
 *(.rel.bss)

.rela.bss
 *(.rela.bss)

.rel.plt
 *(.rel.plt)

.rela.plt
 *(.rela.plt)

.text           0x00000000     0x1602
 *(.vectors)
 .vectors       0x00000000       0x68 C:/Program Files (x86)/Atmel/Studio/7.0/Packs/atmel/ATmega_DFP/1.7.374/gcc/dev/atmega328p/avr5/crtatmega328p.o
                0x00000000                __vector_default
                0x00000000                __vectors
 *(.vectors)
 *(.progmem.gcc*)
                0x00000068                . = ALIGN (0x2)
                0x00000068                __trampolines_start = .
 *(.trampolines)
 .trampolines   0x00000068        0x0 linker stubs
 *(.trampolines*)
                0x00000068                __trampolines_end = .
 *libprintf_flt.a:*(.progmem.data)
 *libc.a:*(.progmem.data)
 *(.progmem*)
 .progmem.data.simpleFont
                0x00000068      0x308 main.o
                0x00000068                simpleFont
                0x00000370                . = ALIGN (0x2)
 *(.jumptables)
 *(.jumptables*)
 *(.lowtext)
 *(.lowtext*)
                0x00000370                __ctors_start = .
 *(.ctors)
                0x00000370                __ctors_end = .
                0x00000370                __dtors_start = .
 *(.dtors)
                0x00000370                __dtors_end = .
 SORT(*)(.ctors)
 SORT(*)(.dtors)
 *(.init0)
 .init0         0x00000370        0x0 C:/Program Files (x86)/Atmel/Studio/7.0/Packs/atmel/ATmega_DFP/1.7.374/gcc/dev/atmega328p/avr5/crtatmega328p.o
                0x00000370                __init
 *(.init0)
 *(.init1)
 *(.init1)
 *(.init2)
 .init2         0x00000370        0xc C:/Program Files (x86)/Atmel/Studio/7.0/Packs/atmel/ATmega_DFP/1.7.374/gcc/dev/atmega328p/avr5/crtatmega328p.o
 *(.init2)
 *(.init3)
 *(.init3)
 *(.init4)
 .init4         0x0000037c       0x16 c:/program files (x86)/atmel/studio/7.0/toolchain/avr8/avr8-gnu-toolchain/bin/../lib/gcc/avr/5.4.0/avr5\libgcc.a(_copy_data.o)
                0x0000037c                __do_copy_data
 .init4         0x00000392       0x10 c:/program files (x86)/atmel/studio/7.0/toolchain/avr8/avr8-gnu-toolchain/bin/../lib/gcc/avr/5.4.0/avr5\libgcc.a(_clear_bss.o)
                0x00000392                __do_clear_bss
 *(.init4)
 *(.init5)
 *(.init5)
 *(.init6)
 *(.init6)
 *(.init7)
 *(.init7)
 *(.init8)
 *(.init8)
 *(.init9)
 .init9         0x000003a2        0x8 C:/Program Files (x86)/Atmel/Studio/7.0/Packs/atmel/ATmega_DFP/1.7.374/gcc/dev/atmega328p/avr5/crtatmega328p.o
 *(.init9)
 *(.text)
 .text          0x000003aa        0x4 C:/Program Files (x86)/Atmel/Studio/7.0/Packs/atmel/ATmega_DFP/1.7.374/gcc/dev/atmega328p/avr5/crtatmega328p.o
                0x000003aa                __vector_22
                0x000003aa                __vector_1
                0x000003aa                __vector_24
                0x000003aa                __vector_12
                0x000003aa                __bad_interrupt
                0x000003aa                __vector_6
                0x000003aa                __vector_3
                0x000003aa                __vector_23
                0x000003aa                __vector_25
                0x000003aa                __vector_13
                0x000003aa                __vector_17
                0x000003aa                __vector_19
                0x000003aa                __vector_7
                0x000003aa                __vector_5
                0x000003aa                __vector_4
                0x000003aa                __vector_9
                0x000003aa                __vector_2
                0x000003aa                __vector_21
                0x000003aa                __vector_15
                0x000003aa                __vector_8
                0x000003aa                __vector_14
                0x000003aa                __vector_10
                0x000003aa                __vector_16
                0x000003aa                __vector_18
                0x000003aa                __vector_20
                0x000003ae                . = ALIGN (0x2)
 *(.text.*)
 .text.SPI_MasterInit
                0x000003ae        0xe main.o
                0x000003ae                SPI_MasterInit
 .text.SPI_MasterTransmit
                0x000003bc        0xc main.o
                0x000003bc                SPI_MasterTransmit
 .text.glcd_cs_low
                0x000003c8        0xe main.o
                0x000003c8                glcd_cs_low
 .text.glcd_cs_high
                0x000003d6        0xe main.o
                0x000003d6                glcd_cs_high
 .text.glcd_dc_low
                0x000003e4        0xe main.o
                0x000003e4                glcd_dc_low
 .text.glcd_dc_high
                0x000003f2        0xe main.o
                0x000003f2                glcd_dc_high
 .text.glcd_rst_off
                0x00000400        0xe main.o
                0x00000400                glcd_rst_off
 .text.glcd_rst_on
                0x0000040e        0xe main.o
                0x0000040e                glcd_rst_on
 .text.glcd_sendCmd
                0x0000041c       0x1a main.o
                0x0000041c                glcd_sendCmd
 .text.glcd_sendData
                0x00000436       0x1a main.o
                0x00000436                glcd_sendData
 .text.glcd_sendData16
                0x00000450       0x26 main.o
                0x00000450                glcd_sendData16
 .text.glcd_setX
                0x00000476       0x28 main.o
                0x00000476                glcd_setX
 .text.glcd_setY
                0x0000049e       0x28 main.o
                0x0000049e                glcd_setY
 .text.glcd_setOrientation
                0x000004c6       0x40 main.o
                0x000004c6                glcd_setOrientation
 .text.glcd_hline
                0x00000506       0x9c main.o
                0x00000506                glcd_hline
 .text.glcd_fillRectangle
                0x000005a2       0x58 main.o
                0x000005a2                glcd_fillRectangle
 .text.glcd_char
                0x000005fa       0xd0 main.o
                0x000005fa                glcd_char
 .text.glcd_string
                0x000006ca       0x6c main.o
                0x000006ca                glcd_string
 .text.glcd_bg  0x00000736       0x28 main.o
                0x00000736                glcd_bg
 .text.glcd_init
                0x0000075e      0x232 main.o
                0x0000075e                glcd_init
 .text.agregarPieza
                0x00000990       0xaa main.o
                0x00000990                agregarPieza
 .text.dibujarTablero
                0x00000a3a       0xd2 main.o
                0x00000a3a                dibujarTablero
 .text.init_timer
                0x00000b0c       0x56 main.o
                0x00000b0c                init_timer
 .text.__vector_11
                0x00000b62       0xf0 main.o
                0x00000b62                __vector_11
 .text.main     0x00000c52      0x12a main.o
                0x00000c52                main
 .text.avr-libc.fplib
                0x00000d7c        0x8 c:/program files (x86)/atmel/studio/7.0/toolchain/avr8/avr8-gnu-toolchain/bin/../lib/gcc/avr/5.4.0/../../../../avr/lib/avr5\libm.a(divsf3.o)
                0x00000d7c                __divsf3
 .text.avr-libc.fplib
                0x00000d84       0xdc c:/program files (x86)/atmel/studio/7.0/toolchain/avr8/avr8-gnu-toolchain/bin/../lib/gcc/avr/5.4.0/../../../../avr/lib/avr5\libm.a(divsf3x.o)
                0x00000da4                __divsf3x
                0x00000daa                __divsf3_pse
 .text.avr-libc.fplib
                0x00000e60       0x5e c:/program files (x86)/atmel/studio/7.0/toolchain/avr8/avr8-gnu-toolchain/bin/../lib/gcc/avr/5.4.0/../../../../avr/lib/avr5\libm.a(fixunssfsi.o)
                0x00000e60                __fixunssfsi
 .text.avr-libc.fplib
                0x00000ebe       0x7a c:/program files (x86)/atmel/studio/7.0/toolchain/avr8/avr8-gnu-toolchain/bin/../lib/gcc/avr/5.4.0/../../../../avr/lib/avr5\libm.a(floatsisf.o)
                0x00000ebe                __floatunsisf
                0x00000ec2                __floatsisf
 .text.avr-libc.fplib
                0x00000f38        0xc c:/program files (x86)/atmel/studio/7.0/toolchain/avr8/avr8-gnu-toolchain/bin/../lib/gcc/avr/5.4.0/../../../../avr/lib/avr5\libm.a(fp_inf.o)
                0x00000f38                __fp_inf
 .text.avr-libc.fplib
                0x00000f44        0x6 c:/program files (x86)/atmel/studio/7.0/toolchain/avr8/avr8-gnu-toolchain/bin/../lib/gcc/avr/5.4.0/../../../../avr/lib/avr5\libm.a(fp_nan.o)
                0x00000f44                __fp_nan
 .text.avr-libc.fplib
                0x00000f4a        0xe c:/program files (x86)/atmel/studio/7.0/toolchain/avr8/avr8-gnu-toolchain/bin/../lib/gcc/avr/5.4.0/../../../../avr/lib/avr5\libm.a(fp_pscA.o)
                0x00000f4a                __fp_pscA
 .text.avr-libc.fplib
                0x00000f58        0xe c:/program files (x86)/atmel/studio/7.0/toolchain/avr8/avr8-gnu-toolchain/bin/../lib/gcc/avr/5.4.0/../../../../avr/lib/avr5\libm.a(fp_pscB.o)
                0x00000f58                __fp_pscB
 .text.avr-libc.fplib
                0x00000f66       0x22 c:/program files (x86)/atmel/studio/7.0/toolchain/avr8/avr8-gnu-toolchain/bin/../lib/gcc/avr/5.4.0/../../../../avr/lib/avr5\libm.a(fp_round.o)
                0x00000f66                __fp_round
 .text.avr-libc.fplib
                0x00000f88       0x44 c:/program files (x86)/atmel/studio/7.0/toolchain/avr8/avr8-gnu-toolchain/bin/../lib/gcc/avr/5.4.0/../../../../avr/lib/avr5\libm.a(fp_split3.o)
                0x00000f88                __fp_split3
                0x00000f98                __fp_splitA
 .text.avr-libc.fplib
                0x00000fcc        0xe c:/program files (x86)/atmel/studio/7.0/toolchain/avr8/avr8-gnu-toolchain/bin/../lib/gcc/avr/5.4.0/../../../../avr/lib/avr5\libm.a(fp_zero.o)
                0x00000fcc                __fp_zero
                0x00000fce                __fp_szero
 .text.libgcc.div
                0x00000fda       0x28 c:/program files (x86)/atmel/studio/7.0/toolchain/avr8/avr8-gnu-toolchain/bin/../lib/gcc/avr/5.4.0/avr5\libgcc.a(_divmodhi4.o)
                0x00000fda                _div
                0x00000fda                __divmodhi4
 .text.libgcc.div
                0x00001002       0x28 c:/program files (x86)/atmel/studio/7.0/toolchain/avr8/avr8-gnu-toolchain/bin/../lib/gcc/avr/5.4.0/avr5\libgcc.a(_udivmodhi4.o)
                0x00001002                __udivmodhi4
 .text.avr-libc
                0x0000102a       0x44 c:/program files (x86)/atmel/studio/7.0/toolchain/avr8/avr8-gnu-toolchain/bin/../lib/gcc/avr/5.4.0/../../../../avr/lib/avr5\libc.a(sprintf.o)
                0x0000102a                sprintf
 .text.avr-libc
                0x0000106e      0x3c2 c:/program files (x86)/atmel/studio/7.0/toolchain/avr8/avr8-gnu-toolchain/bin/../lib/gcc/avr/5.4.0/../../../../avr/lib/avr5\libc.a(vfprintf_std.o)
                0x0000106e                vfprintf
 .text.avr-libc
                0x00001430       0x16 c:/program files (x86)/atmel/studio/7.0/toolchain/avr8/avr8-gnu-toolchain/bin/../lib/gcc/avr/5.4.0/../../../../avr/lib/avr5\libc.a(strnlen_P.o)
                0x00001430                strnlen_P
 .text.avr-libc
                0x00001446       0x16 c:/program files (x86)/atmel/studio/7.0/toolchain/avr8/avr8-gnu-toolchain/bin/../lib/gcc/avr/5.4.0/../../../../avr/lib/avr5\libc.a(strnlen.o)
                0x00001446                strnlen
 .text.avr-libc
                0x0000145c       0x78 c:/program files (x86)/atmel/studio/7.0/toolchain/avr8/avr8-gnu-toolchain/bin/../lib/gcc/avr/5.4.0/../../../../avr/lib/avr5\libc.a(fputc.o)
                0x0000145c                fputc
 .text.avr-libc
                0x000014d4       0xbc c:/program files (x86)/atmel/studio/7.0/toolchain/avr8/avr8-gnu-toolchain/bin/../lib/gcc/avr/5.4.0/../../../../avr/lib/avr5\libc.a(ultoa_invert.o)
                0x000014d4                __ultoa_invert
 .text.libgcc.prologue
                0x00001590       0x38 c:/program files (x86)/atmel/studio/7.0/toolchain/avr8/avr8-gnu-toolchain/bin/../lib/gcc/avr/5.4.0/avr5\libgcc.a(_prologue.o)
                0x00001590                __prologue_saves__
 .text.libgcc.prologue
                0x000015c8       0x36 c:/program files (x86)/atmel/studio/7.0/toolchain/avr8/avr8-gnu-toolchain/bin/../lib/gcc/avr/5.4.0/avr5\libgcc.a(_epilogue.o)
                0x000015c8                __epilogue_restores__
                0x000015fe                . = ALIGN (0x2)
 *(.fini9)
 .fini9         0x000015fe        0x0 c:/program files (x86)/atmel/studio/7.0/toolchain/avr8/avr8-gnu-toolchain/bin/../lib/gcc/avr/5.4.0/avr5\libgcc.a(_exit.o)
                0x000015fe                _exit
                0x000015fe                exit
 *(.fini9)
 *(.fini8)
 *(.fini8)
 *(.fini7)
 *(.fini7)
 *(.fini6)
 *(.fini6)
 *(.fini5)
 *(.fini5)
 *(.fini4)
 *(.fini4)
 *(.fini3)
 *(.fini3)
 *(.fini2)
 *(.fini2)
 *(.fini1)
 *(.fini1)
 *(.fini0)
 .fini0         0x000015fe        0x4 c:/program files (x86)/atmel/studio/7.0/toolchain/avr8/avr8-gnu-toolchain/bin/../lib/gcc/avr/5.4.0/avr5\libgcc.a(_exit.o)
 *(.fini0)
                0x00001602                _etext = .

.data           0x00800100       0x40 load address 0x00001602
                0x00800100                PROVIDE (__data_start, .)
 *(.data)
 *(.data*)
 .data.tiempo_caida
                0x00800100        0x2 main.o
                0x00800100                tiempo_caida
 .data.piezaS   0x00800102       0x10 main.o
                0x00800102                piezaS
 *(.gnu.linkonce.d*)
 *(.rodata)
 *(.rodata*)
 .rodata.str1.1
                0x00800112       0x2e main.o
 *(.gnu.linkonce.r*)
                0x00800140                . = ALIGN (0x2)
                0x00800140                _edata = .
                0x00800140                PROVIDE (__data_end, .)

.bss            0x00800140      0x201
                0x00800140                PROVIDE (__bss_start, .)
 *(.bss)
 *(.bss*)
 .bss.dibujar   0x00800140        0x2 main.o
                0x00800140                dibujar
 .bss.bgcolor   0x00800142        0x2 main.o
                0x00800142                bgcolor
 *(COMMON)
 COMMON         0x00800144      0x1fd main.o
                0x00800144                max_x
                0x00800146                tablero
                0x00800326                glcd_orientation
                0x00800327                pNueva
                0x0080033d                actual
                0x0080033f                max_y
                0x00800341                PROVIDE (__bss_end, .)
                0x00001602                __data_load_start = LOADADDR (.data)
                0x00001642                __data_load_end = (__data_load_start + SIZEOF (.data))

.noinit         0x00800341        0x0
                [!provide]                PROVIDE (__noinit_start, .)
 *(.noinit*)
                [!provide]                PROVIDE (__noinit_end, .)
                0x00800341                _end = .
                [!provide]                PROVIDE (__heap_start, .)

.eeprom         0x00810000        0x0
 *(.eeprom*)
                0x00810000                __eeprom_end = .

.fuse
 *(.fuse)
 *(.lfuse)
 *(.hfuse)
 *(.efuse)

.lock
 *(.lock*)

.signature
 *(.signature*)

.user_signatures
 *(.user_signatures*)

.stab
 *(.stab)

.stabstr
 *(.stabstr)

.stab.excl
 *(.stab.excl)

.stab.exclstr
 *(.stab.exclstr)

.stab.index
 *(.stab.index)

.stab.indexstr
 *(.stab.indexstr)

.comment        0x00000000       0x5c
 *(.comment)
 .comment       0x00000000       0x30 main.o
                                 0x31 (size before relaxing)
 .comment       0x00000030       0x31 c:/program files (x86)/atmel/studio/7.0/toolchain/avr8/avr8-gnu-toolchain/bin/../lib/gcc/avr/5.4.0/../../../../avr/lib/avr5\libc.a(sprintf.o)
 .comment       0x00000030       0x2c c:/program files (x86)/atmel/studio/7.0/toolchain/avr8/avr8-gnu-toolchain/bin/../lib/gcc/avr/5.4.0/../../../../avr/lib/avr5\libc.a(vfprintf_std.o)
                                 0x2d (size before relaxing)
 .comment       0x0000005c       0x31 c:/program files (x86)/atmel/studio/7.0/toolchain/avr8/avr8-gnu-toolchain/bin/../lib/gcc/avr/5.4.0/../../../../avr/lib/avr5\libc.a(fputc.o)

.note.gnu.avr.deviceinfo
                0x00000000       0x40
 .note.gnu.avr.deviceinfo
                0x00000000       0x40 C:/Program Files (x86)/Atmel/Studio/7.0/Packs/atmel/ATmega_DFP/1.7.374/gcc/dev/atmega328p/avr5/crtatmega328p.o

.note.gnu.build-id
 *(.note.gnu.build-id)

.debug
 *(.debug)

.line
 *(.line)

.debug_srcinfo
 *(.debug_srcinfo)

.debug_sfnames
 *(.debug_sfnames)

.debug_aranges  0x00000000      0x180
 *(.debug_aranges)
 .debug_aranges
                0x00000000      0x180 main.o

.debug_pubnames
 *(.debug_pubnames)

.debug_info     0x00000000     0x2f80
 *(.debug_info .gnu.linkonce.wi.*)
 .debug_info    0x00000000      0x5f4 C:/Program Files (x86)/Atmel/Studio/7.0/Packs/atmel/ATmega_DFP/1.7.374/gcc/dev/atmega328p/avr5/crtatmega328p.o
 .debug_info    0x000005f4     0x298c main.o

.debug_abbrev   0x00000000      0x96f
 *(.debug_abbrev)
 .debug_abbrev  0x00000000      0x5a2 C:/Program Files (x86)/Atmel/Studio/7.0/Packs/atmel/ATmega_DFP/1.7.374/gcc/dev/atmega328p/avr5/crtatmega328p.o
 .debug_abbrev  0x000005a2      0x3cd main.o

.debug_line     0x00000000     0x10d7
 *(.debug_line .debug_line.* .debug_line_end)
 .debug_line    0x00000000      0x134 C:/Program Files (x86)/Atmel/Studio/7.0/Packs/atmel/ATmega_DFP/1.7.374/gcc/dev/atmega328p/avr5/crtatmega328p.o
 .debug_line    0x00000134      0xfa3 main.o

.debug_frame    0x00000000      0x898
 *(.debug_frame)
 .debug_frame   0x00000000      0x898 main.o

.debug_str      0x00000000      0x769
 *(.debug_str)
 .debug_str     0x00000000      0x208 C:/Program Files (x86)/Atmel/Studio/7.0/Packs/atmel/ATmega_DFP/1.7.374/gcc/dev/atmega328p/avr5/crtatmega328p.o
 .debug_str     0x00000208      0x561 main.o
                                0x5c7 (size before relaxing)

.debug_loc      0x00000000     0x348b
 *(.debug_loc)
 .debug_loc     0x00000000     0x348b main.o

.debug_macinfo
 *(.debug_macinfo)

.debug_weaknames
 *(.debug_weaknames)

.debug_funcnames
 *(.debug_funcnames)

.debug_typenames
 *(.debug_typenames)

.debug_varnames
 *(.debug_varnames)

.debug_pubtypes
 *(.debug_pubtypes)

.debug_ranges   0x00000000      0x200
 *(.debug_ranges)
 .debug_ranges  0x00000000      0x200 main.o

.debug_macro
 *(.debug_macro)
OUTPUT(ProyectoMicro.elf elf32-avr)
LOAD linker stubs
